FINDSTR: Cannot open generated
